C:\Users\24953\.conda\envs\dl\lib\site-packages\optuna\_experimental.py:33: ExperimentalWarning: Argument ``multivariate`` is an experimental feature. The interface can change in the future.
  optuna_warn(
C:\Users\24953\.conda\envs\dl\lib\site-packages\optuna\_experimental.py:33: ExperimentalWarning: Argument ``group`` is an experimental feature. The interface can change in the future.
  optuna_warn(
[I 2026-07-13 11:27:20,414] A new study created in RDB with name: selected_hpo_coauthor_physics
coauthor_physics/graphatlas/s0:   0%|          | 0/1000 [00:00<?, ?it/s]C:\Users\24953\PycharmProjects\GraphAtlas\graphatlas_project\src\graphatlas\nn\functional.py:14: UserWarning: cumsum_cuda_kernel does not have a deterministic implementation, but you set 'torch.use_deterministic_algorithms(True, warn_only=True)'. You can file an issue at https://github.com/pytorch/pytorch/issues to help us prioritize adding deterministic support for this operation. (Triggered internally at C:\actions-runner\_work\pytorch\pytorch\builder\windows\pytorch\aten\src\ATen\Context.cpp:95.)
  cumulative = sorted_logits.cumsum(dim) - 1
                                                                        [W 2026-07-13 11:27:37,632] Trial 0 failed with parameters: {'num_charts': 4, 'learning_rate': 0.004762321024006948, 'weight_decay_mode': 'log', 'weight_decay': 0.00011613160541371865, 'dropout': 0.46993768108545664, 'hidden_dim': 192, 'num_layers': 3, 'membership_topk': 3, 'reconstruction_mode': 'log', 'reconstruction': 4.962712423347367e-05, 'metric_mode': 'zero', 'cocycle_mode': 'zero', 'cover_mode': 'log', 'cover': 0.0005374151839614427} because of the following error: OutOfMemoryError('CUDA out of memory. Tried to allocate 20.00 MiB. GPU 0 has a total capacity of 8.00 GiB of which 0 bytes is free. Of the allocated memory 21.60 GiB is allocated by PyTorch, and 873.90 MiB is reserved by PyTorch but unallocated. If reserved but unallocated memory is large try setting PYTORCH_CUDA_ALLOC_CONF=expandable_segments:True to avoid fragmentation.  See documentation for Memory Management  (https://pytorch.org/docs/stable/notes/cuda.html#environment-variables)').
Traceback (most recent call last):
  File "C:\Users\24953\.conda\envs\dl\lib\site-packages\optuna\study\_optimize.py", line 206, in _run_trial
    value_or_values = func(trial)
  File "C:\Users\24953\PycharmProjects\GraphAtlas\graphatlas_project\scripts\run_selected_hpo.py", line 301, in objective
    metrics = _run_one(stage="tune", dataset=dataset, params=params, model_seed=TUNE_SEED,
  File "C:\Users\24953\PycharmProjects\GraphAtlas\graphatlas_project\scripts\run_selected_hpo.py", line 263, in _run_one
    _, metrics = Trainer(config).fit(
  File "C:\Users\24953\PycharmProjects\GraphAtlas\graphatlas_project\src\graphatlas\trainer.py", line 334, in fit
    output = model(data)
  File "C:\Users\24953\.conda\envs\dl\lib\site-packages\torch\nn\modules\module.py", line 1736, in _wrapped_call_impl
    return self._call_impl(*args, **kwargs)
  File "C:\Users\24953\.conda\envs\dl\lib\site-packages\torch\nn\modules\module.py", line 1747, in _call_impl
    return forward_call(*args, **kwargs)
  File "C:\Users\24953\PycharmProjects\GraphAtlas\graphatlas_project\src\graphatlas\nn\model.py", line 227, in forward
    tangent, diagnostics = layer(
  File "C:\Users\24953\.conda\envs\dl\lib\site-packages\torch\nn\modules\module.py", line 1736, in _wrapped_call_impl
    return self._call_impl(*args, **kwargs)
  File "C:\Users\24953\.conda\envs\dl\lib\site-packages\torch\nn\modules\module.py", line 1747, in _call_impl
    return forward_call(*args, **kwargs)
  File "C:\Users\24953\PycharmProjects\GraphAtlas\graphatlas_project\src\graphatlas\nn\equivariant.py", line 75, in forward
    pulled = torch.stack([pull(chart, aggregated_observation) for chart in range(self.num_charts)], dim=1)
  File "C:\Users\24953\PycharmProjects\GraphAtlas\graphatlas_project\src\graphatlas\nn\equivariant.py", line 75, in <listcomp>
    pulled = torch.stack([pull(chart, aggregated_observation) for chart in range(self.num_charts)], dim=1)
  File "C:\Users\24953\PycharmProjects\GraphAtlas\graphatlas_project\src\graphatlas\nn\model.py", line 214, in pull
    return chart_states[chart].pull(vectors)
  File "C:\Users\24953\PycharmProjects\GraphAtlas\graphatlas_project\src\graphatlas\nn\functional.py", line 252, in apply
    tangent = tangent * derivative[start:end, :, None]
torch.OutOfMemoryError: CUDA out of memory. Tried to allocate 20.00 MiB. GPU 0 has a total capacity of 8.00 GiB of which 0 bytes is free. Of the allocated memory 21.60 GiB is allocated by PyTorch, and 873.90 MiB is reserved by PyTorch but unallocated. If reserved but unallocated memory is large try setting PYTORCH_CUDA_ALLOC_CONF=expandable_segments:True to avoid fragmentation.  See documentation for Memory Management  (https://pytorch.org/docs/stable/notes/cuda.html#environment-variables)
[W 2026-07-13 11:27:37,632] Trial 0 failed with value None.
